Símbolo         Valor Decimal   Valor Hexadecimal
-------         -------------   -----------------
STACK                   65408                FF80
IVET                    65470                FFBE
TIMDT                   65495                FFD7
INTS                    65496                FFD8
INTE                    65497                FFD9
TECST                   65498                FFDA
TECDT                   65499                FFDB
VISOR                   65500                FFDC
FUNCAORELOGIO           32512                7F00
FUNCAO2                 32514                7F02
FUNCAOMOVIMENTADOR      32516                7F04
CHAMA                   32518                7F06
L_RELOGIO                9024                2340
L_RESET                  9036                234C
MAIN                     9044                2354
L_MAIN                   9050                235A
SEGUE_COD                9059                2363
DSPDEC                   9109                2395
DEC_2                    9111                2397
DEC_1                    9125                23A5
RELOGIO                  9140                23B4
HORA                     9140                23B4
MINUTO                   9142                23B6
SEGUNDO                  9144                23B8
DECIMOS                  9146                23BA
ISR                      9148                23BC
TESTAR_TECL              9180                23DC
ISR2                     9200                23F0
ISRTIM                   9213                23FD
ISRTIM_FIM               9277                243D
ISR_TECL                 9278                243E
FIM                      9334                2476
MINUTOS                  9339                247B
HORAS                    9355                248B
ZERAR_REL                9367                2497
TRATA_CTRLF              9383                24A7
LOOP_RESET_CURSOR       13020                32DC
MAIN_CURSOR             13028                32E4
LOOP_MAIN_CURSOR        13050                32FA
SEGUIR_CODIGO           13059                3303
ISR1                    13061                3305
TESTA_TIMER_CURSOR      13091                3323
ISR1FIM                 13111                3337
ISR_STRING_TIMER        13122                3342
CARACTNULO              13142                3356
ISR_STRINGTECL          13156                3364
ISR_STRINGTECLFIM       13198                338E
CLEAR_VISOR             13205                3395
RESCURSOR1              13213                339D
CURSOR_MAX_ESQ          13229                33AD
CLEAR_VISORIGUAL        13237                33B5
RESVISOR                13247                33BF
DELETECLA               13259                33CB
CTRLF_1                 13267                33D3
MAINVELO                16050                3EB2
SCODIGO2                16059                3EBB
ISRVELO                 16067                3EC3
TECL3                   16099                3EE3
ISR2VELOCIDADE          16119                3EF7
ISRVELOTIMER            16132                3F04
PRONTO                  16186                3F3A
FIMABSOLUTO             16187                3F3B
CTRLM                   16194                3F42
ISRVELOTECL             16226                3F62
VELOFIM                 16326                3FC6
VELOFIM2                16332                3FCC
ZERO                    16337                3FD1
UM                      16347                3FDB
DOIS                    16357                3FE5
TRES                    16367                3FEF
QUATRO                  16377                3FF9
CINCO                   16387                4003
SEIS                    16397                400D
SETE                    16407                4017
OITO                    16417                4021
NOVE                    16427                402B
FLAGCTRLF               20000                4E20
FLAGINICIOVELOCIDADE    20001                4E21
FLAGCTRLM               20002                4E22
TECLA                   20003                4E23
ENDVISOR                20005                4E25
TEMPOPOSICAO            20007                4E27
INDEXTEMPO              20009                4E29
FIMMOVIMENTADOR         20011                4E2B
FLAG_AUX                20012                4E2C
FLAG_CTRLF              20013                4E2D
